// Initial random seed:
27467

// RunInitializeCallbacks():
initializeTreeSeq(simplificationRatio = 10, runCrosschecks = F);
initializeMutationRate(2.5e-11);
initializeMutationType(1, 0.5, "g", -0.00025, 1);
initializeGenomicElementType(1, m1, 1);
initializeGenomicElement(g1, 0, 99999999);
initializeRecombinationRate(2.5e-09);

// Starting run at generation <start>:
1 

