// Initial random seed:
27467

// RunInitializeCallbacks():
initializeMutationRate(2.5e-09);
initializeMutationType(1, 0.5, "f", 0);
initializeMutationType(2, 0.5, "g", -0.00025, 1);
initializeGenomicElementType(1, c(m1, m2), c(99, 1));
initializeGenomicElement(g1, 0, 99999999);
initializeRecombinationRate(2.5e-09);

// Starting run at generation <start>:
1 

slim: /projects/haldane/shared/SLiM_TS_Benchmarks/SLiM/treerec/tskit/tables.c:738: site_table_add_row: Assertion `self->ancestral_state_offset[self->num_rows] == ancestral_state_offset' failed.
// Initial random seed:
27467

// RunInitializeCallbacks():
initializeTreeSeq(simplificationRatio = 10, runCrosschecks = F);
initializeMutationRate(2.5e-11);
initializeMutationType(1, 0.5, "g", -0.00025, 1);
initializeGenomicElementType(1, m1, 1);
initializeGenomicElement(g1, 0, 99999999);
initializeRecombinationRate(2.5e-09);
Starting tree sequence recording:
   Chromosome last base position: 99999999

succesfully allocated tables

// Starting run at generation <start>:
1 

