// Initial random seed:
23531

// RunInitializeCallbacks():
initializeMutationRate(2.5e-09);
initializeMutationType(1, 0.5, "f", 0);
initializeMutationType(2, 0.5, "g", -0.0025, 1);
initializeGenomicElementType(1, c(m1, m2), c(99, 1));
initializeGenomicElement(g1, 0, 99999999);
initializeRecombinationRate(2.5e-09);

// Starting run at generation <start>:
1 

// Initial random seed:
23531

// RunInitializeCallbacks():
initializeTreeSeq(simplificationRatio = 10);
initializeMutationRate(2.5e-11);
initializeMutationType(1, 0.5, "g", -0.0025, 1);
initializeGenomicElementType(1, m1, 1);
initializeGenomicElement(g1, 0, 99999999);
initializeRecombinationRate(2.5e-09);
Starting tree sequence recording:
   Chromosome last base position: 99999999

succesfully allocated tables

// Starting run at generation <start>:
1 

